c:\users\bruno\source\repos\sudoku\sudoku\x64\debug\vc143.pdb
c:\users\bruno\source\repos\sudoku\sudoku\x64\debug\vc143.idb
c:\users\bruno\source\repos\sudoku\sudoku\x64\debug\drawgrid.obj
c:\users\bruno\source\repos\sudoku\x64\debug\sudoku.exe
c:\users\bruno\source\repos\sudoku\x64\debug\sudoku.pdb
c:\users\bruno\source\repos\sudoku\sudoku\x64\debug\sudoku.ilk
c:\users\bruno\source\repos\sudoku\sudoku\x64\debug\checkboard.obj
c:\users\bruno\source\repos\sudoku\sudoku\x64\debug\drawnumbers.obj
c:\users\bruno\source\repos\sudoku\sudoku\x64\debug\drawusercells.obj
c:\users\bruno\source\repos\sudoku\sudoku\x64\debug\easy.obj
c:\users\bruno\source\repos\sudoku\sudoku\x64\debug\hard.obj
c:\users\bruno\source\repos\sudoku\sudoku\x64\debug\medium.obj
c:\users\bruno\source\repos\sudoku\sudoku\x64\debug\puzzle_loader.obj
c:\users\bruno\source\repos\sudoku\sudoku\x64\debug\sudoku.tlog\cl.command.1.tlog
c:\users\bruno\source\repos\sudoku\sudoku\x64\debug\sudoku.tlog\cl.items.tlog
c:\users\bruno\source\repos\sudoku\sudoku\x64\debug\sudoku.tlog\cl.read.1.tlog
c:\users\bruno\source\repos\sudoku\sudoku\x64\debug\sudoku.tlog\cl.write.1.tlog
c:\users\bruno\source\repos\sudoku\sudoku\x64\debug\sudoku.tlog\link.command.1.tlog
c:\users\bruno\source\repos\sudoku\sudoku\x64\debug\sudoku.tlog\link.read.1.tlog
c:\users\bruno\source\repos\sudoku\sudoku\x64\debug\sudoku.tlog\link.secondary.1.tlog
c:\users\bruno\source\repos\sudoku\sudoku\x64\debug\sudoku.tlog\link.write.1.tlog
